V3 12
FL D:/DynamicFilter/VideoFilterDynamic/CommunicationHardware/CommunicationHardware.vhd 2013/05/28.20:18:03 P.49d
EN work/CommunicationHardware 1370012664 \
      FL D:/DynamicFilter/VideoFilterDynamic/CommunicationHardware/CommunicationHardware.vhd \
      PB ieee/std_logic_1164 1354696159
AR work/CommunicationHardware/Behavioral 1370012665 \
      FL D:/DynamicFilter/VideoFilterDynamic/CommunicationHardware/CommunicationHardware.vhd \
      EN work/CommunicationHardware 1370012664 CP work/SobelWrapper
FL D:/DynamicFilter/VideoFilterDynamic/CommunicationHardware/SobelWrapper.vhd 2013/05/28.20:38:19 P.49d
EN work/SobelWrapper 1370012662 \
      FL D:/DynamicFilter/VideoFilterDynamic/CommunicationHardware/SobelWrapper.vhd \
      PB ieee/std_logic_1164 1354696159
AR work/SobelWrapper/Behavioral 1370012663 \
      FL D:/DynamicFilter/VideoFilterDynamic/CommunicationHardware/SobelWrapper.vhd \
      EN work/SobelWrapper 1370012662 CP sobel
FL D:/Users/Julio/Downloads/xupv5-lx110t_std_ip_pcores/VideoFilterDynamic/ise/CommunicationHardware/CommunicationHardware.vhd 2013/05/28.20:18:03 P.49d
FL D:/Users/Julio/Downloads/xupv5-lx110t_std_ip_pcores/VideoFilterDynamic/ise/CommunicationHardware/SobelWrapper.vhd 2013/05/28.20:38:19 P.49d
FL D:/Users/Julio/Downloads/xupv5-lx110t_std_ip_pcores/VideoFilterDynamic/vhdl/CommunicationHardware.vhd 2013/05/28.20:18:03 P.49d
FL D:/Users/Julio/Downloads/xupv5-lx110t_std_ip_pcores/VideoFilterDynamic/vhdl/SobelFilter/SobelWrapper.vhd 2013/05/22.14:51:00 P.49d
