
**** Build of configuration Debug for project FBTest ****

make all 
Building file: ../DynamicHardwareModules/CommunicationManager.c
Invoking: MicroBlaze gcc compiler
mb-gcc -Wall -O0 -g3 -c -fmessage-length=0 -Wl,--no-relax -I../../standalone_bsp_0/microblaze_0/include -mxl-barrel-shift -mxl-pattern-compare -mcpu=v8.40.b -mno-xl-soft-mul -MMD -MP -MF"DynamicHardwareModules/CommunicationManager.d" -MT"DynamicHardwareModules/CommunicationManager.d" -o"DynamicHardwareModules/CommunicationManager.o" "../DynamicHardwareModules/CommunicationManager.c"
Finished building: ../DynamicHardwareModules/CommunicationManager.c
' '
Building target: FBTest.elf
Invoking: MicroBlaze gcc linker
mb-gcc -Wl,--no-relax -Wl,-T -Wl,../src/lscript.ld -L../../standalone_bsp_0/microblaze_0/lib -mxl-barrel-shift -mxl-pattern-compare -mcpu=v8.40.b -mno-xl-soft-mul -o"FBTest.elf"  ./hdmi_demo.o ./platform.o  ./DynamicHardwareModules/ArchitectureManager.o ./DynamicHardwareModules/CommunicationManager.o ./DynamicHardwareModules/HardwareInterface.o ./DynamicHardwareModules/HardwareReconfigurationModule.o  ./DynamicHardwareModules/ComponentRepresentation/HardwareComponent.o   -Wl,--start-group,-lxil,-lgcc,-lc,--end-group
Finished building target: FBTest.elf
' '
Invoking: MicroBlaze Print Size
mb-size FBTest.elf  |tee "FBTest.elf.size"
   text	   data	    bss	    dec	    hex	filename
  71370	   1396	   2226	  74992	  124f0	FBTest.elf
Finished building: FBTest.elf.size
' '
Invoking: Xilinx ELF Check
elfcheck FBTest.elf -hw ../../project_hw_platform/system.xml -pe microblaze_0  |tee "FBTest.elf.elfcheck"
elfcheck
Xilinx EDK 14.4 Build EDK_P.49d
Copyright (c) 1995-2012 Xilinx, Inc.  All rights reserved.

Command Line: elfcheck -hw ../../project_hw_platform/system.xml -pe microblaze_0
FBTest.elf 

ELF file	: FBTest.elf
elfcheck passed.
Finished building: FBTest.elf.elfcheck
' '
