
**** Build of configuration Debug for project Virtex5Dvi ****

make all 
Building file: ../src/colorbar.c
Invoking: MicroBlaze gcc compiler
mb-gcc -Wall -O0 -g3 -c -fmessage-length=0 -Wl,--no-relax -I../../standalone_bsp_0/microblaze_0/include -mxl-pattern-compare -mcpu=v7.30.b -mno-xl-soft-mul -MMD -MP -MF"src/colorbar.d" -MT"src/colorbar.d" -o"src/colorbar.o" "../src/colorbar.c"
../src/colorbar.c: In function 'main':
../src/colorbar.c:243:2: warning: implicit declaration of function 'xil_printf' [-Wimplicit-function-declaration]
Finished building: ../src/colorbar.c
' '
Building file: ../dviDriver/xtft.c
Invoking: MicroBlaze gcc compiler
mb-gcc -Wall -O0 -g3 -c -fmessage-length=0 -Wl,--no-relax -I../../standalone_bsp_0/microblaze_0/include -mxl-pattern-compare -mcpu=v7.30.b -mno-xl-soft-mul -MMD -MP -MF"dviDriver/xtft.d" -MT"dviDriver/xtft.d" -o"dviDriver/xtft.o" "../dviDriver/xtft.c"
Finished building: ../dviDriver/xtft.c
' '
Building file: ../dviDriver/xtft_charcode.c
Invoking: MicroBlaze gcc compiler
mb-gcc -Wall -O0 -g3 -c -fmessage-length=0 -Wl,--no-relax -I../../standalone_bsp_0/microblaze_0/include -mxl-pattern-compare -mcpu=v7.30.b -mno-xl-soft-mul -MMD -MP -MF"dviDriver/xtft_charcode.d" -MT"dviDriver/xtft_charcode.d" -o"dviDriver/xtft_charcode.o" "../dviDriver/xtft_charcode.c"
Finished building: ../dviDriver/xtft_charcode.c
' '
Building file: ../dviDriver/xtft_g.c
Invoking: MicroBlaze gcc compiler
mb-gcc -Wall -O0 -g3 -c -fmessage-length=0 -Wl,--no-relax -I../../standalone_bsp_0/microblaze_0/include -mxl-pattern-compare -mcpu=v7.30.b -mno-xl-soft-mul -MMD -MP -MF"dviDriver/xtft_g.d" -MT"dviDriver/xtft_g.d" -o"dviDriver/xtft_g.o" "../dviDriver/xtft_g.c"
Finished building: ../dviDriver/xtft_g.c
' '
Building file: ../dviDriver/xtft_l.c
Invoking: MicroBlaze gcc compiler
mb-gcc -Wall -O0 -g3 -c -fmessage-length=0 -Wl,--no-relax -I../../standalone_bsp_0/microblaze_0/include -mxl-pattern-compare -mcpu=v7.30.b -mno-xl-soft-mul -MMD -MP -MF"dviDriver/xtft_l.d" -MT"dviDriver/xtft_l.d" -o"dviDriver/xtft_l.o" "../dviDriver/xtft_l.c"
Finished building: ../dviDriver/xtft_l.c
' '
Building file: ../DynamicHardwareModules/ArchitectureManager.c
Invoking: MicroBlaze gcc compiler
mb-gcc -Wall -O0 -g3 -c -fmessage-length=0 -Wl,--no-relax -I../../standalone_bsp_0/microblaze_0/include -mxl-pattern-compare -mcpu=v7.30.b -mno-xl-soft-mul -MMD -MP -MF"DynamicHardwareModules/ArchitectureManager.d" -MT"DynamicHardwareModules/ArchitectureManager.d" -o"DynamicHardwareModules/ArchitectureManager.o" "../DynamicHardwareModules/ArchitectureManager.c"
Finished building: ../DynamicHardwareModules/ArchitectureManager.c
' '
Building file: ../DynamicHardwareModules/CommunicationManager.c
Invoking: MicroBlaze gcc compiler
mb-gcc -Wall -O0 -g3 -c -fmessage-length=0 -Wl,--no-relax -I../../standalone_bsp_0/microblaze_0/include -mxl-pattern-compare -mcpu=v7.30.b -mno-xl-soft-mul -MMD -MP -MF"DynamicHardwareModules/CommunicationManager.d" -MT"DynamicHardwareModules/CommunicationManager.d" -o"DynamicHardwareModules/CommunicationManager.o" "../DynamicHardwareModules/CommunicationManager.c"
Finished building: ../DynamicHardwareModules/CommunicationManager.c
' '
Building file: ../DynamicHardwareModules/HardwareInterface.c
Invoking: MicroBlaze gcc compiler
mb-gcc -Wall -O0 -g3 -c -fmessage-length=0 -Wl,--no-relax -I../../standalone_bsp_0/microblaze_0/include -mxl-pattern-compare -mcpu=v7.30.b -mno-xl-soft-mul -MMD -MP -MF"DynamicHardwareModules/HardwareInterface.d" -MT"DynamicHardwareModules/HardwareInterface.d" -o"DynamicHardwareModules/HardwareInterface.o" "../DynamicHardwareModules/HardwareInterface.c"
Finished building: ../DynamicHardwareModules/HardwareInterface.c
' '
Building file: ../DynamicHardwareModules/HardwareReconfigurationModule.c
Invoking: MicroBlaze gcc compiler
mb-gcc -Wall -O0 -g3 -c -fmessage-length=0 -Wl,--no-relax -I../../standalone_bsp_0/microblaze_0/include -mxl-pattern-compare -mcpu=v7.30.b -mno-xl-soft-mul -MMD -MP -MF"DynamicHardwareModules/HardwareReconfigurationModule.d" -MT"DynamicHardwareModules/HardwareReconfigurationModule.d" -o"DynamicHardwareModules/HardwareReconfigurationModule.o" "../DynamicHardwareModules/HardwareReconfigurationModule.c"
Finished building: ../DynamicHardwareModules/HardwareReconfigurationModule.c
' '
Building file: ../DynamicHardwareModules/ComponentRepresentation/HardwareComponent.c
Invoking: MicroBlaze gcc compiler
mb-gcc -Wall -O0 -g3 -c -fmessage-length=0 -Wl,--no-relax -I../../standalone_bsp_0/microblaze_0/include -mxl-pattern-compare -mcpu=v7.30.b -mno-xl-soft-mul -MMD -MP -MF"DynamicHardwareModules/ComponentRepresentation/HardwareComponent.d" -MT"DynamicHardwareModules/ComponentRepresentation/HardwareComponent.d" -o"DynamicHardwareModules/ComponentRepresentation/HardwareComponent.o" "../DynamicHardwareModules/ComponentRepresentation/HardwareComponent.c"
Finished building: ../DynamicHardwareModules/ComponentRepresentation/HardwareComponent.c
' '
Building target: Virtex5Dvi.elf
Invoking: MicroBlaze gcc linker
mb-gcc -Wl,--no-relax -Wl,-T -Wl,../src/lscript.ld -L../../standalone_bsp_0/microblaze_0/lib -mxl-pattern-compare -mcpu=v7.30.b -mno-xl-soft-mul -o"Virtex5Dvi.elf"  ./src/colorbar.o  ./dviDriver/xtft.o ./dviDriver/xtft_charcode.o ./dviDriver/xtft_g.o ./dviDriver/xtft_l.o  ./DynamicHardwareModules/ArchitectureManager.o ./DynamicHardwareModules/CommunicationManager.o ./DynamicHardwareModules/HardwareInterface.o ./DynamicHardwareModules/HardwareReconfigurationModule.o  ./DynamicHardwareModules/ComponentRepresentation/HardwareComponent.o   -Wl,--start-group,-lxil,-lgcc,-lc,--end-group
Finished building target: Virtex5Dvi.elf
' '
Invoking: MicroBlaze Print Size
mb-size Virtex5Dvi.elf  |tee "Virtex5Dvi.elf.size"
   text	   data	    bss	    dec	    hex	filename
  71482	   4492	   2202	  78176	  13160	Virtex5Dvi.elf
Finished building: Virtex5Dvi.elf.size
' '
Invoking: Xilinx ELF Check
elfcheck Virtex5Dvi.elf -hw ../../xupv5-lx110t_std_ip_pcores_hw_platform/system.xml -pe microblaze_0  |tee "Virtex5Dvi.elf.elfcheck"
elfcheck
Xilinx EDK 14.4 Build EDK_P.49d
Copyright (c) 1995-2012 Xilinx, Inc.  All rights reserved.

Command Line: elfcheck -hw
../../xupv5-lx110t_std_ip_pcores_hw_platform/system.xml -pe microblaze_0
Virtex5Dvi.elf 

ELF file	: Virtex5Dvi.elf
elfcheck passed.
Finished building: Virtex5Dvi.elf.elfcheck
' '
