Release 14.4 Map P.49d (nt64)
Xilinx Map Application Log File for Design 'system'

Design Information
------------------
Command Line   : map -intstyle pa -w -pr b config_1.ngd 
Target Device  : xc5vlx110t
Target Package : ff1136
Target Speed   : -1
Mapper Version : virtex5 -- $Revision: 1.55 $
Mapped Date    : Fri May 31 18:00:09 2013

Mapping design into LUTs...
WARNING:MapLib:39 - The timing specification "PERIOD=30000 pS HIGH 50%" on net
   "UNKNOWN" has been discarded, because the net was optimized out of the
   design.
Running directed packing...
WARNING:Pack:2515 - The LUT-1 inverter
   "plbv46_dvi_cntlr_0/plbv46_dvi_cntlr_0/x_plbv46_dvi_cntlr_logic/VSYNC_U3/clk_
   stb_inv1_INV_0" failed to join the OLOGIC comp matched to output buffer
   "plbv46_dvi_cntlr_0_TFT_LCD_HSYNC_pin_OBUF".  This may result in suboptimal
   timing.  The LUT-1 inverter
   plbv46_dvi_cntlr_0/plbv46_dvi_cntlr_0/x_plbv46_dvi_cntlr_logic/VSYNC_U3/clk_s
   tb_inv1_INV_0 drives multiple loads.
WARNING:Pack:2515 - The LUT-1 inverter
   "plbv46_dvi_cntlr_0/plbv46_dvi_cntlr_0/x_plbv46_dvi_cntlr_logic/VSYNC_U3/VSYN
   C_cs_FSM_Out31_INV_0" failed to join the OLOGIC comp matched to output buffer
   "plbv46_dvi_cntlr_0_TFT_LCD_VSYNC_pin_OBUF".  This may result in suboptimal
   timing.  The LUT-1 inverter
   plbv46_dvi_cntlr_0/plbv46_dvi_cntlr_0/x_plbv46_dvi_cntlr_logic/VSYNC_U3/VSYNC
   _cs_FSM_Out31_INV_0 drives multiple loads.
WARNING:Pack:1185 - One or more I/O components have an illegal combination of
   property values.  For each occurrence, the system will choose sensible
   defaults.  To view each occurrence, create a detailed map report (run map
   using the -detail option).
Running delay-based LUT packing...
Updating timing models...
INFO:Map:215 - The Interim Design Summary has been generated in the MAP Report
   (.mrp).
Running timing-driven placement...
Total REAL time at the beginning of Placer: 39 secs 
Total CPU  time at the beginning of Placer: 38 secs 

Phase 1.1  Initial Placement Analysis
Phase 1.1  Initial Placement Analysis (Checksum:f471cfee) REAL time: 45 secs 

Phase 2.7  Design Feasibility Check
INFO:Place:834 - Only a subset of IOs are locked. Out of 270 IOs, 269 are locked
   and 1 are not locked. If you would like to print the names of these IOs,
   please set the environment variable XIL_PAR_DESIGN_CHECK_VERBOSE to 1. 
Phase 2.7  Design Feasibility Check (Checksum:f471cfee) REAL time: 46 secs 

Phase 3.31  Local Placement Optimization
Phase 3.31  Local Placement Optimization (Checksum:21d28a58) REAL time: 46 secs 

Phase 4.37  Local Placement Optimization
Phase 4.37  Local Placement Optimization (Checksum:b246cdf6) REAL time: 46 secs 

Phase 5.33  Local Placement Optimization
Phase 5.33  Local Placement Optimization (Checksum:b246cdf6) REAL time: 1 mins 12 secs 

Phase 6.32  Local Placement Optimization
Phase 6.32  Local Placement Optimization (Checksum:b246cdf6) REAL time: 2 mins 2 secs 

Phase 7.2  Initial Clock and IO Placement
......
.....


There are 16 clock regions on the target FPGA device:
|------------------------------------------|------------------------------------------|
| CLOCKREGION_X0Y7:                        | CLOCKREGION_X1Y7:                        |
|   2 BUFRs available, 0 in use            |   2 BUFRs available, 0 in use            |
|   4 Regional Clock Spines, 0 in use      |   4 Regional Clock Spines, 0 in use      |
|   4 edge BUFIOs available, 0 in use      |   4 edge BUFIOs available, 0 in use      |
|   4 center BUFIOs available, 0 in use    |   0 center BUFIOs available, 0 in use    |
|                                          |                                          |
|------------------------------------------|------------------------------------------|
| CLOCKREGION_X0Y6:                        | CLOCKREGION_X1Y6:                        |
|   2 BUFRs available, 0 in use            |   2 BUFRs available, 0 in use            |
|   4 Regional Clock Spines, 0 in use      |   4 Regional Clock Spines, 0 in use      |
|   4 edge BUFIOs available, 3 in use      |   4 edge BUFIOs available, 0 in use      |
|   0 center BUFIOs available, 0 in use    |   0 center BUFIOs available, 0 in use    |
|                                          |                                          |
|------------------------------------------|------------------------------------------|
| CLOCKREGION_X0Y5:                        | CLOCKREGION_X1Y5:                        |
|   2 BUFRs available, 0 in use            |   2 BUFRs available, 0 in use            |
|   4 Regional Clock Spines, 0 in use      |   4 Regional Clock Spines, 0 in use      |
|   4 edge BUFIOs available, 0 in use      |   4 edge BUFIOs available, 0 in use      |
|   2 center BUFIOs available, 0 in use    |   0 center BUFIOs available, 0 in use    |
|                                          |                                          |
|------------------------------------------|------------------------------------------|
| CLOCKREGION_X0Y4:                        | CLOCKREGION_X1Y4:                        |
|   2 BUFRs available, 0 in use            |   2 BUFRs available, 0 in use            |
|   4 Regional Clock Spines, 0 in use      |   4 Regional Clock Spines, 0 in use      |
|   4 edge BUFIOs available, 0 in use      |   4 edge BUFIOs available, 0 in use      |
|   2 center BUFIOs available, 0 in use    |   0 center BUFIOs available, 0 in use    |
|                                          |                                          |
|------------------------------------------|------------------------------------------|
| CLOCKREGION_X0Y3:                        | CLOCKREGION_X1Y3:                        |
|   2 BUFRs available, 0 in use            |   2 BUFRs available, 0 in use            |
|   4 Regional Clock Spines, 0 in use      |   4 Regional Clock Spines, 0 in use      |
|   4 edge BUFIOs available, 0 in use      |   4 edge BUFIOs available, 0 in use      |
|   2 center BUFIOs available, 0 in use    |   0 center BUFIOs available, 0 in use    |
|                                          |                                          |
|------------------------------------------|------------------------------------------|
| CLOCKREGION_X0Y2:                        | CLOCKREGION_X1Y2:                        |
|   2 BUFRs available, 0 in use            |   2 BUFRs available, 0 in use            |
|   4 Regional Clock Spines, 0 in use      |   4 Regional Clock Spines, 0 in use      |
|   4 edge BUFIOs available, 3 in use      |   4 edge BUFIOs available, 0 in use      |
|   2 center BUFIOs available, 0 in use    |   0 center BUFIOs available, 0 in use    |
|                                          |                                          |
|------------------------------------------|------------------------------------------|
| CLOCKREGION_X0Y1:                        | CLOCKREGION_X1Y1:                        |
|   2 BUFRs available, 0 in use            |   2 BUFRs available, 0 in use            |
|   4 Regional Clock Spines, 0 in use      |   4 Regional Clock Spines, 0 in use      |
|   4 edge BUFIOs available, 2 in use      |   4 edge BUFIOs available, 0 in use      |
|   0 center BUFIOs available, 0 in use    |   0 center BUFIOs available, 0 in use    |
|                                          |                                          |
|------------------------------------------|------------------------------------------|
| CLOCKREGION_X0Y0:                        | CLOCKREGION_X1Y0:                        |
|   2 BUFRs available, 0 in use            |   2 BUFRs available, 0 in use            |
|   4 Regional Clock Spines, 0 in use      |   4 Regional Clock Spines, 0 in use      |
|   4 edge BUFIOs available, 0 in use      |   4 edge BUFIOs available, 0 in use      |
|   4 center BUFIOs available, 0 in use    |   0 center BUFIOs available, 0 in use    |
|                                          |                                          |
|------------------------------------------|------------------------------------------|


Clock-Region: <CLOCKREGION_X0Y1>
  key resource utilizations (used/available): edge-bufios - 2/4; bufrs - 0/2; regional-clock-spines - 0/4
|-----------------------------------------------------------------------------------------------------------------------------------------------------------
|       |    clock    | BRAM |     |    |        |        |       |       |       |      |      |     |      |
|       |    region   | FIFO | DCM | GT | ILOGIC | OLOGIC |   FF  |  LUTM |  LUTL | MULT | EMAC | PPC | PCIe | <- (Types of Resources in Clock Region)
|-------|-------------|------|-----|----|--------|--------|-------|-------|-------|------|------|-----|------|----------------------------------------------
|       | Upper Region|  16  |  2  |  0 |   60   |   60   |  3840 |  2080 |  5600 |   8  |   0  |  0  |   0  | <- Available resources in the upper region
|-------|-------------|------|-----|----|--------|--------|-------|-------|-------|------|------|-----|------|----------------------------------------------
|       |CurrentRegion|  16  |  4  |  0 |   40   |   40   |  3840 |  2080 |  5600 |   8  |   0  |  0  |   0  | <- Available resources in the current region
|-------|-------------|------|-----|----|--------|--------|-------|-------|-------|------|------|-----|------|----------------------------------------------
|       | Lower Region|  16  |  0  |  0 |   80   |   80   |  3840 |  2080 |  5600 |   8  |   0  |  0  |   0  | <- Available resources in the lower region
|-------|-------------|------|-----|----|--------|--------|-------|-------|-------|------|------|-----|------|----------------------------------------------
| clock |    region   |                                                                                      -----------------------------------------------
|  type |  expansion  |                                                                                      | <IO/Regional clock Net Name>
|-------|-------------|------|-----|----|--------|--------|-------|-------|-------|------|------|-----|------|----------------------------------------------
| BUFIO |             |   0  |  0  |  0 |    9   |    0   |     0 |     0 |     0 |   0  |   0  |  0  |   0  | "DDR2_SDRAM/DDR2_SDRAM/mpmc_core_0/gen_v5_ddr2_phy.mpmc_phy_if_0/u_phy_io_0/delayed_dqs[1]"
|-------|-------------|------|-----|----|--------|--------|-------|-------|-------|------|------|-----|------|----------------------------------------------
| BUFIO |             |   0  |  0  |  0 |    9   |    0   |     0 |     0 |     0 |   0  |   0  |  0  |   0  | "DDR2_SDRAM/DDR2_SDRAM/mpmc_core_0/gen_v5_ddr2_phy.mpmc_phy_if_0/u_phy_io_0/delayed_dqs[2]"
|-------|-------------|------|-----|----|--------|--------|-------|-------|-------|------|------|-----|------|----------------------------------------------


Clock-Region: <CLOCKREGION_X0Y2>
  key resource utilizations (used/available): edge-bufios - 3/4; center-bufios - 0/2; bufrs - 0/2; regional-clock-spines - 0/4
|-----------------------------------------------------------------------------------------------------------------------------------------------------------
|       |    clock    | BRAM |     |    |        |        |       |       |       |      |      |     |      |
|       |    region   | FIFO | DCM | GT | ILOGIC | OLOGIC |   FF  |  LUTM |  LUTL | MULT | EMAC | PPC | PCIe | <- (Types of Resources in Clock Region)
|-------|-------------|------|-----|----|--------|--------|-------|-------|-------|------|------|-----|------|----------------------------------------------
|       | Upper Region|  16  |  0  |  0 |   60   |   60   |  3840 |  2080 |  5600 |   8  |   0  |  0  |   0  | <- Available resources in the upper region
|-------|-------------|------|-----|----|--------|--------|-------|-------|-------|------|------|-----|------|----------------------------------------------
|       |CurrentRegion|  16  |  2  |  0 |   60   |   60   |  3840 |  2080 |  5600 |   8  |   0  |  0  |   0  | <- Available resources in the current region
|-------|-------------|------|-----|----|--------|--------|-------|-------|-------|------|------|-----|------|----------------------------------------------
|       | Lower Region|  16  |  4  |  0 |   40   |   40   |  3840 |  2080 |  5600 |   8  |   0  |  0  |   0  | <- Available resources in the lower region
|-------|-------------|------|-----|----|--------|--------|-------|-------|-------|------|------|-----|------|----------------------------------------------
| clock |    region   |                                                                                      -----------------------------------------------
|  type |  expansion  |                                                                                      | <IO/Regional clock Net Name>
|-------|-------------|------|-----|----|--------|--------|-------|-------|-------|------|------|-----|------|----------------------------------------------
| BUFIO |             |   0  |  0  |  0 |    9   |    0   |     0 |     0 |     0 |   0  |   0  |  0  |   0  | "DDR2_SDRAM/DDR2_SDRAM/mpmc_core_0/gen_v5_ddr2_phy.mpmc_phy_if_0/u_phy_io_0/delayed_dqs[0]"
|-------|-------------|------|-----|----|--------|--------|-------|-------|-------|------|------|-----|------|----------------------------------------------
| BUFIO |             |   0  |  0  |  0 |    9   |    0   |     0 |     0 |     0 |   0  |   0  |  0  |   0  | "DDR2_SDRAM/DDR2_SDRAM/mpmc_core_0/gen_v5_ddr2_phy.mpmc_phy_if_0/u_phy_io_0/delayed_dqs[4]"
|-------|-------------|------|-----|----|--------|--------|-------|-------|-------|------|------|-----|------|----------------------------------------------
| BUFIO |             |   0  |  0  |  0 |    9   |    0   |     0 |     0 |     0 |   0  |   0  |  0  |   0  | "DDR2_SDRAM/DDR2_SDRAM/mpmc_core_0/gen_v5_ddr2_phy.mpmc_phy_if_0/u_phy_io_0/delayed_dqs[3]"
|-------|-------------|------|-----|----|--------|--------|-------|-------|-------|------|------|-----|------|----------------------------------------------


Clock-Region: <CLOCKREGION_X0Y6>
  key resource utilizations (used/available): edge-bufios - 3/4; bufrs - 0/2; regional-clock-spines - 0/4
|-----------------------------------------------------------------------------------------------------------------------------------------------------------
|       |    clock    | BRAM |     |    |        |        |       |       |       |      |      |     |      |
|       |    region   | FIFO | DCM | GT | ILOGIC | OLOGIC |   FF  |  LUTM |  LUTL | MULT | EMAC | PPC | PCIe | <- (Types of Resources in Clock Region)
|-------|-------------|------|-----|----|--------|--------|-------|-------|-------|------|------|-----|------|----------------------------------------------
|       | Upper Region|  16  |  0  |  0 |   80   |   80   |  3840 |  2080 |  5600 |   8  |   0  |  0  |   0  | <- Available resources in the upper region
|-------|-------------|------|-----|----|--------|--------|-------|-------|-------|------|------|-----|------|----------------------------------------------
|       |CurrentRegion|  16  |  4  |  0 |   40   |   40   |  3840 |  2080 |  5600 |   8  |   0  |  0  |   0  | <- Available resources in the current region
|-------|-------------|------|-----|----|--------|--------|-------|-------|-------|------|------|-----|------|----------------------------------------------
|       | Lower Region|  16  |  2  |  0 |   60   |   60   |  3840 |  2080 |  5600 |   8  |   0  |  0  |   0  | <- Available resources in the lower region
|-------|-------------|------|-----|----|--------|--------|-------|-------|-------|------|------|-----|------|----------------------------------------------
| clock |    region   |                                                                                      -----------------------------------------------
|  type |  expansion  |                                                                                      | <IO/Regional clock Net Name>
|-------|-------------|------|-----|----|--------|--------|-------|-------|-------|------|------|-----|------|----------------------------------------------
| BUFIO |             |   0  |  0  |  0 |    9   |    0   |     0 |     0 |     0 |   0  |   0  |  0  |   0  | "DDR2_SDRAM/DDR2_SDRAM/mpmc_core_0/gen_v5_ddr2_phy.mpmc_phy_if_0/u_phy_io_0/delayed_dqs[7]"
|-------|-------------|------|-----|----|--------|--------|-------|-------|-------|------|------|-----|------|----------------------------------------------
| BUFIO |             |   0  |  0  |  0 |    9   |    0   |     0 |     0 |     0 |   0  |   0  |  0  |   0  | "DDR2_SDRAM/DDR2_SDRAM/mpmc_core_0/gen_v5_ddr2_phy.mpmc_phy_if_0/u_phy_io_0/delayed_dqs[5]"
|-------|-------------|------|-----|----|--------|--------|-------|-------|-------|------|------|-----|------|----------------------------------------------
| BUFIO |             |   0  |  0  |  0 |    9   |    0   |     0 |     0 |     0 |   0  |   0  |  0  |   0  | "DDR2_SDRAM/DDR2_SDRAM/mpmc_core_0/gen_v5_ddr2_phy.mpmc_phy_if_0/u_phy_io_0/delayed_dqs[6]"
|-------|-------------|------|-----|----|--------|--------|-------|-------|-------|------|------|-----|------|----------------------------------------------




######################################################################################
# REGIONAL CLOCKING RESOURCE DISTRIBUTION UCF REPORT:
#
# Number of Regional Clocking Regions in the device: 16  (4 clock spines in each)
# Number of Regional Clock Networks used in this design: 8 (each network can be
# composed of up to 3 clock spines and cover up to 3 regional clock regions)
# 
######################################################################################

# IO-Clock "DDR2_SDRAM/DDR2_SDRAM/mpmc_core_0/gen_v5_ddr2_phy.mpmc_phy_if_0/u_phy_io_0/delayed_dqs[7]" driven by
"BUFIO_X0Y27"
INST "DDR2_SDRAM/DDR2_SDRAM/mpmc_core_0/gen_v5_ddr2_phy.mpmc_phy_if_0/u_phy_io_0/gen_dqs[7].u_iob_dqs/u_bufio_dqs" LOC =
"BUFIO_X0Y27" ;
NET "DDR2_SDRAM/DDR2_SDRAM/mpmc_core_0/gen_v5_ddr2_phy.mpmc_phy_if_0/u_phy_io_0/delayed_dqs[7]" TNM_NET =
"TN_DDR2_SDRAM/DDR2_SDRAM/mpmc_core_0/gen_v5_ddr2_phy.mpmc_phy_if_0/u_phy_io_0/delayed_dqs[7]" ;
TIMEGRP "TN_DDR2_SDRAM/DDR2_SDRAM/mpmc_core_0/gen_v5_ddr2_phy.mpmc_phy_if_0/u_phy_io_0/delayed_dqs[7]" AREA_GROUP =
"CLKAG_DDR2_SDRAM/DDR2_SDRAM/mpmc_core_0/gen_v5_ddr2_phy.mpmc_phy_if_0/u_phy_io_0/delayed_dqs[7]" ;
AREA_GROUP "CLKAG_DDR2_SDRAM/DDR2_SDRAM/mpmc_core_0/gen_v5_ddr2_phy.mpmc_phy_if_0/u_phy_io_0/delayed_dqs[7]" RANGE =
CLOCKREGION_X0Y6;


# IO-Clock "DDR2_SDRAM/DDR2_SDRAM/mpmc_core_0/gen_v5_ddr2_phy.mpmc_phy_if_0/u_phy_io_0/delayed_dqs[0]" driven by
"BUFIO_X0Y9"
INST "DDR2_SDRAM/DDR2_SDRAM/mpmc_core_0/gen_v5_ddr2_phy.mpmc_phy_if_0/u_phy_io_0/gen_dqs[0].u_iob_dqs/u_bufio_dqs" LOC =
"BUFIO_X0Y9" ;
NET "DDR2_SDRAM/DDR2_SDRAM/mpmc_core_0/gen_v5_ddr2_phy.mpmc_phy_if_0/u_phy_io_0/delayed_dqs[0]" TNM_NET =
"TN_DDR2_SDRAM/DDR2_SDRAM/mpmc_core_0/gen_v5_ddr2_phy.mpmc_phy_if_0/u_phy_io_0/delayed_dqs[0]" ;
TIMEGRP "TN_DDR2_SDRAM/DDR2_SDRAM/mpmc_core_0/gen_v5_ddr2_phy.mpmc_phy_if_0/u_phy_io_0/delayed_dqs[0]" AREA_GROUP =
"CLKAG_DDR2_SDRAM/DDR2_SDRAM/mpmc_core_0/gen_v5_ddr2_phy.mpmc_phy_if_0/u_phy_io_0/delayed_dqs[0]" ;
AREA_GROUP "CLKAG_DDR2_SDRAM/DDR2_SDRAM/mpmc_core_0/gen_v5_ddr2_phy.mpmc_phy_if_0/u_phy_io_0/delayed_dqs[0]" RANGE =
CLOCKREGION_X0Y2;


# IO-Clock "DDR2_SDRAM/DDR2_SDRAM/mpmc_core_0/gen_v5_ddr2_phy.mpmc_phy_if_0/u_phy_io_0/delayed_dqs[4]" driven by
"BUFIO_X0Y11"
INST "DDR2_SDRAM/DDR2_SDRAM/mpmc_core_0/gen_v5_ddr2_phy.mpmc_phy_if_0/u_phy_io_0/gen_dqs[4].u_iob_dqs/u_bufio_dqs" LOC =
"BUFIO_X0Y11" ;
NET "DDR2_SDRAM/DDR2_SDRAM/mpmc_core_0/gen_v5_ddr2_phy.mpmc_phy_if_0/u_phy_io_0/delayed_dqs[4]" TNM_NET =
"TN_DDR2_SDRAM/DDR2_SDRAM/mpmc_core_0/gen_v5_ddr2_phy.mpmc_phy_if_0/u_phy_io_0/delayed_dqs[4]" ;
TIMEGRP "TN_DDR2_SDRAM/DDR2_SDRAM/mpmc_core_0/gen_v5_ddr2_phy.mpmc_phy_if_0/u_phy_io_0/delayed_dqs[4]" AREA_GROUP =
"CLKAG_DDR2_SDRAM/DDR2_SDRAM/mpmc_core_0/gen_v5_ddr2_phy.mpmc_phy_if_0/u_phy_io_0/delayed_dqs[4]" ;
AREA_GROUP "CLKAG_DDR2_SDRAM/DDR2_SDRAM/mpmc_core_0/gen_v5_ddr2_phy.mpmc_phy_if_0/u_phy_io_0/delayed_dqs[4]" RANGE =
CLOCKREGION_X0Y2;


# IO-Clock "DDR2_SDRAM/DDR2_SDRAM/mpmc_core_0/gen_v5_ddr2_phy.mpmc_phy_if_0/u_phy_io_0/delayed_dqs[1]" driven by
"BUFIO_X0Y4"
INST "DDR2_SDRAM/DDR2_SDRAM/mpmc_core_0/gen_v5_ddr2_phy.mpmc_phy_if_0/u_phy_io_0/gen_dqs[1].u_iob_dqs/u_bufio_dqs" LOC =
"BUFIO_X0Y4" ;
NET "DDR2_SDRAM/DDR2_SDRAM/mpmc_core_0/gen_v5_ddr2_phy.mpmc_phy_if_0/u_phy_io_0/delayed_dqs[1]" TNM_NET =
"TN_DDR2_SDRAM/DDR2_SDRAM/mpmc_core_0/gen_v5_ddr2_phy.mpmc_phy_if_0/u_phy_io_0/delayed_dqs[1]" ;
TIMEGRP "TN_DDR2_SDRAM/DDR2_SDRAM/mpmc_core_0/gen_v5_ddr2_phy.mpmc_phy_if_0/u_phy_io_0/delayed_dqs[1]" AREA_GROUP =
"CLKAG_DDR2_SDRAM/DDR2_SDRAM/mpmc_core_0/gen_v5_ddr2_phy.mpmc_phy_if_0/u_phy_io_0/delayed_dqs[1]" ;
AREA_GROUP "CLKAG_DDR2_SDRAM/DDR2_SDRAM/mpmc_core_0/gen_v5_ddr2_phy.mpmc_phy_if_0/u_phy_io_0/delayed_dqs[1]" RANGE =
CLOCKREGION_X0Y1;


# IO-Clock "DDR2_SDRAM/DDR2_SDRAM/mpmc_core_0/gen_v5_ddr2_phy.mpmc_phy_if_0/u_phy_io_0/delayed_dqs[5]" driven by
"BUFIO_X0Y25"
INST "DDR2_SDRAM/DDR2_SDRAM/mpmc_core_0/gen_v5_ddr2_phy.mpmc_phy_if_0/u_phy_io_0/gen_dqs[5].u_iob_dqs/u_bufio_dqs" LOC =
"BUFIO_X0Y25" ;
NET "DDR2_SDRAM/DDR2_SDRAM/mpmc_core_0/gen_v5_ddr2_phy.mpmc_phy_if_0/u_phy_io_0/delayed_dqs[5]" TNM_NET =
"TN_DDR2_SDRAM/DDR2_SDRAM/mpmc_core_0/gen_v5_ddr2_phy.mpmc_phy_if_0/u_phy_io_0/delayed_dqs[5]" ;
TIMEGRP "TN_DDR2_SDRAM/DDR2_SDRAM/mpmc_core_0/gen_v5_ddr2_phy.mpmc_phy_if_0/u_phy_io_0/delayed_dqs[5]" AREA_GROUP =
"CLKAG_DDR2_SDRAM/DDR2_SDRAM/mpmc_core_0/gen_v5_ddr2_phy.mpmc_phy_if_0/u_phy_io_0/delayed_dqs[5]" ;
AREA_GROUP "CLKAG_DDR2_SDRAM/DDR2_SDRAM/mpmc_core_0/gen_v5_ddr2_phy.mpmc_phy_if_0/u_phy_io_0/delayed_dqs[5]" RANGE =
CLOCKREGION_X0Y6;


# IO-Clock "DDR2_SDRAM/DDR2_SDRAM/mpmc_core_0/gen_v5_ddr2_phy.mpmc_phy_if_0/u_phy_io_0/delayed_dqs[2]" driven by
"BUFIO_X0Y7"
INST "DDR2_SDRAM/DDR2_SDRAM/mpmc_core_0/gen_v5_ddr2_phy.mpmc_phy_if_0/u_phy_io_0/gen_dqs[2].u_iob_dqs/u_bufio_dqs" LOC =
"BUFIO_X0Y7" ;
NET "DDR2_SDRAM/DDR2_SDRAM/mpmc_core_0/gen_v5_ddr2_phy.mpmc_phy_if_0/u_phy_io_0/delayed_dqs[2]" TNM_NET =
"TN_DDR2_SDRAM/DDR2_SDRAM/mpmc_core_0/gen_v5_ddr2_phy.mpmc_phy_if_0/u_phy_io_0/delayed_dqs[2]" ;
TIMEGRP "TN_DDR2_SDRAM/DDR2_SDRAM/mpmc_core_0/gen_v5_ddr2_phy.mpmc_phy_if_0/u_phy_io_0/delayed_dqs[2]" AREA_GROUP =
"CLKAG_DDR2_SDRAM/DDR2_SDRAM/mpmc_core_0/gen_v5_ddr2_phy.mpmc_phy_if_0/u_phy_io_0/delayed_dqs[2]" ;
AREA_GROUP "CLKAG_DDR2_SDRAM/DDR2_SDRAM/mpmc_core_0/gen_v5_ddr2_phy.mpmc_phy_if_0/u_phy_io_0/delayed_dqs[2]" RANGE =
CLOCKREGION_X0Y1;


# IO-Clock "DDR2_SDRAM/DDR2_SDRAM/mpmc_core_0/gen_v5_ddr2_phy.mpmc_phy_if_0/u_phy_io_0/delayed_dqs[6]" driven by
"BUFIO_X0Y26"
INST "DDR2_SDRAM/DDR2_SDRAM/mpmc_core_0/gen_v5_ddr2_phy.mpmc_phy_if_0/u_phy_io_0/gen_dqs[6].u_iob_dqs/u_bufio_dqs" LOC =
"BUFIO_X0Y26" ;
NET "DDR2_SDRAM/DDR2_SDRAM/mpmc_core_0/gen_v5_ddr2_phy.mpmc_phy_if_0/u_phy_io_0/delayed_dqs[6]" TNM_NET =
"TN_DDR2_SDRAM/DDR2_SDRAM/mpmc_core_0/gen_v5_ddr2_phy.mpmc_phy_if_0/u_phy_io_0/delayed_dqs[6]" ;
TIMEGRP "TN_DDR2_SDRAM/DDR2_SDRAM/mpmc_core_0/gen_v5_ddr2_phy.mpmc_phy_if_0/u_phy_io_0/delayed_dqs[6]" AREA_GROUP =
"CLKAG_DDR2_SDRAM/DDR2_SDRAM/mpmc_core_0/gen_v5_ddr2_phy.mpmc_phy_if_0/u_phy_io_0/delayed_dqs[6]" ;
AREA_GROUP "CLKAG_DDR2_SDRAM/DDR2_SDRAM/mpmc_core_0/gen_v5_ddr2_phy.mpmc_phy_if_0/u_phy_io_0/delayed_dqs[6]" RANGE =
CLOCKREGION_X0Y6;


# IO-Clock "DDR2_SDRAM/DDR2_SDRAM/mpmc_core_0/gen_v5_ddr2_phy.mpmc_phy_if_0/u_phy_io_0/delayed_dqs[3]" driven by
"BUFIO_X0Y10"
INST "DDR2_SDRAM/DDR2_SDRAM/mpmc_core_0/gen_v5_ddr2_phy.mpmc_phy_if_0/u_phy_io_0/gen_dqs[3].u_iob_dqs/u_bufio_dqs" LOC =
"BUFIO_X0Y10" ;
NET "DDR2_SDRAM/DDR2_SDRAM/mpmc_core_0/gen_v5_ddr2_phy.mpmc_phy_if_0/u_phy_io_0/delayed_dqs[3]" TNM_NET =
"TN_DDR2_SDRAM/DDR2_SDRAM/mpmc_core_0/gen_v5_ddr2_phy.mpmc_phy_if_0/u_phy_io_0/delayed_dqs[3]" ;
TIMEGRP "TN_DDR2_SDRAM/DDR2_SDRAM/mpmc_core_0/gen_v5_ddr2_phy.mpmc_phy_if_0/u_phy_io_0/delayed_dqs[3]" AREA_GROUP =
"CLKAG_DDR2_SDRAM/DDR2_SDRAM/mpmc_core_0/gen_v5_ddr2_phy.mpmc_phy_if_0/u_phy_io_0/delayed_dqs[3]" ;
AREA_GROUP "CLKAG_DDR2_SDRAM/DDR2_SDRAM/mpmc_core_0/gen_v5_ddr2_phy.mpmc_phy_if_0/u_phy_io_0/delayed_dqs[3]" RANGE =
CLOCKREGION_X0Y2;


Phase 7.2  Initial Clock and IO Placement (Checksum:6111d1e0) REAL time: 6 mins 48 secs 

Phase 8.36  Local Placement Optimization
Phase 8.36  Local Placement Optimization (Checksum:6111d1e0) REAL time: 6 mins 48 secs 

Phase 9.30  Global Clock Region Assignment
Phase 9.30  Global Clock Region Assignment (Checksum:6111d1e0) REAL time: 6 mins 48 secs 

Phase 10.3  Local Placement Optimization
Phase 10.3  Local Placement Optimization (Checksum:6111d1e0) REAL time: 6 mins 48 secs 

Phase 11.5  Local Placement Optimization
Phase 11.5  Local Placement Optimization (Checksum:6111d1e0) REAL time: 6 mins 48 secs 

Phase 12.8  Global Placement
............................................................................................
.....................
....................................................................................................................
................
................
...................................................................................................................................................................
Phase 12.8  Global Placement (Checksum:8c42c7b) REAL time: 7 mins 29 secs 

Phase 13.29  Local Placement Optimization
Phase 13.29  Local Placement Optimization (Checksum:8c42c7b) REAL time: 7 mins 30 secs 

Phase 14.5  Local Placement Optimization
Phase 14.5  Local Placement Optimization (Checksum:8c42c7b) REAL time: 7 mins 30 secs 

Phase 15.18  Placement Optimization
Phase 15.18  Placement Optimization (Checksum:d0a0f0e2) REAL time: 8 mins 21 secs 

Phase 16.5  Local Placement Optimization
Phase 16.5  Local Placement Optimization (Checksum:d0a0f0e2) REAL time: 8 mins 22 secs 

Phase 17.34  Placement Validation
Phase 17.34  Placement Validation (Checksum:d0a0f0e2) REAL time: 8 mins 22 secs 

Total REAL time to Placer completion: 8 mins 23 secs 
Total CPU  time to Placer completion: 8 mins 22 secs 
Running post-placement packing...
Writing output files...
WARNING:PhysDesignRules:781 - PULLDOWN on an active net. PULLDOWN of comp ProtoComp665.PULL is set but the tri state is
   not configured. 

Design Summary
--------------

Design Summary:
Number of errors:      0
Number of warnings:    5
Slice Logic Utilization:
  Number of Slice Registers:                10,114 out of  69,120   14%
    Number used as Flip Flops:              10,092
    Number used as Latch-thrus:                 22
  Number of Slice LUTs:                      9,202 out of  69,120   13%
    Number used as logic:                    8,758 out of  69,120   12%
      Number using O6 output only:           7,846
      Number using O5 output only:             301
      Number using O5 and O6:                  611
    Number used as Memory:                     376 out of  17,920    2%
      Number used as Dual Port RAM:             64
        Number using O5 and O6:                 64
      Number used as Single Port RAM:           32
        Number using O6 output only:            32
      Number used as Shift Register:           280
        Number using O6 output only:           279
        Number using O5 output only:             1
    Number used as exclusive route-thru:        68
  Number of route-thrus:                       380
    Number using O6 output only:               355
    Number using O5 output only:                13
    Number using O5 and O6:                     12

Slice Logic Distribution:
  Number of occupied Slices:                 5,310 out of  17,280   30%
  Number of LUT Flip Flop pairs used:       13,682
    Number with an unused Flip Flop:         3,568 out of  13,682   26%
    Number with an unused LUT:               4,480 out of  13,682   32%
    Number of fully used LUT-FF pairs:       5,634 out of  13,682   41%
    Number of unique control sets:           1,459
    Number of slice register sites lost
      to control set restrictions:           3,336 out of  69,120    4%

  A LUT Flip Flop pair for this architecture represents one LUT paired with
  one Flip Flop within a slice.  A control set is a unique combination of
  clock, reset, set, and enable signals for a registered element.
  The Slice Logic Distribution report is not meaningful if the design is
  over-mapped for a non-slice resource or if Placement fails.
  OVERMAPPING of BRAM resources should be ignored if the design is
  over-mapped for a non-BRAM resource or if placement fails.

IO Utilization:
  Number of bonded IOBs:                       270 out of     640   42%
    Number of LOCed IOBs:                      269 out of     270   99%
    IOB Flip Flops:                            506

Specific Feature Utilization:
  Number of BlockRAM/FIFO:                      34 out of     148   22%
    Number using BlockRAM only:                 34
    Total primitives used:
      Number of 36k BlockRAM used:              34
    Total Memory used (KB):                  1,224 out of   5,328   22%
  Number of BUFG/BUFGCTRLs:                      9 out of      32   28%
    Number used as BUFGs:                        9
  Number of IDELAYCTRLs:                         3 out of      22   13%
  Number of BSCANs:                              1 out of       4   25%
  Number of BUFIOs:                              8 out of      80   10%
  Number of DCM_ADVs:                            1 out of      12    8%
  Number of DSP48Es:                             3 out of      64    4%
  Number of PLL_ADVs:                            1 out of       6   16%

Average Fanout of Non-Clock Nets:                3.63

Peak Memory Usage:  916 MB
Total REAL time to MAP completion:  8 mins 34 secs 
Total CPU time to MAP completion:   8 mins 33 secs 

Mapping completed.
See MAP report file "config_1.mrp" for details.
