D:\Users\Julio\Downloads\Atlys_HDMI_PLB_demo\project\implementation\system.ngc 1369320761
D:/Users/Julio/Downloads/Atlys_HDMI_PLB_demo/project/implementation/system_push_buttons_5bits_wrapper.ngc 1369320680
D:/Users/Julio/Downloads/Atlys_HDMI_PLB_demo/project/implementation/system_hdmi_in_0_wrapper.ngc 1369320732
D:/Users/Julio/Downloads/Atlys_HDMI_PLB_demo/project/implementation/system_rs232_uart_1_wrapper.ngc 1369320680
D:/Users/Julio/Downloads/Atlys_HDMI_PLB_demo/project/implementation/system_clock_generator_0_wrapper.ngc 1369320728
D:/Users/Julio/Downloads/Atlys_HDMI_PLB_demo/project/implementation/system_proc_sys_reset_0_wrapper.ngc 1369320680
D:/Users/Julio/Downloads/Atlys_HDMI_PLB_demo/project/implementation/system_mcb_ddr2_wrapper.ngc 1369320680
D:/Users/Julio/Downloads/Atlys_HDMI_PLB_demo/project/implementation/system_microblaze_0_wrapper.ngc 1369320680
D:/Users/Julio/Downloads/Atlys_HDMI_PLB_demo/project/implementation/system_mb_plb_wrapper.ngc 1369320680
D:/Users/Julio/Downloads/Atlys_HDMI_PLB_demo/project/implementation/system_ilmb_wrapper.ngc 1369320680
D:/Users/Julio/Downloads/Atlys_HDMI_PLB_demo/project/implementation/system_dlmb_wrapper.ngc 1369320680
D:/Users/Julio/Downloads/Atlys_HDMI_PLB_demo/project/implementation/system_dlmb_cntlr_wrapper.ngc 1369320680
D:/Users/Julio/Downloads/Atlys_HDMI_PLB_demo/project/implementation/system_ilmb_cntlr_wrapper.ngc 1369320680
D:/Users/Julio/Downloads/Atlys_HDMI_PLB_demo/project/implementation/system_mdm_0_wrapper.ngc 1369320680
D:/Users/Julio/Downloads/Atlys_HDMI_PLB_demo/project/implementation/system_xps_intc_0_wrapper.ngc 1369320680
D:/Users/Julio/Downloads/Atlys_HDMI_PLB_demo/project/implementation/system_pll_module_0_wrapper.ngc 1369320680
D:/Users/Julio/Downloads/Atlys_HDMI_PLB_demo/project/implementation/system_xps_iic_0_wrapper.ngc 1369320680
D:/Users/Julio/Downloads/Atlys_HDMI_PLB_demo/project/implementation/system_hdmi_out_0_wrapper.ngc 1369320712
D:/Users/Julio/Downloads/Atlys_HDMI_PLB_demo/project/implementation/system_simple_video_filter_0_wrapper.ngc 1369320725
D:/Users/Julio/Downloads/Atlys_HDMI_PLB_demo/project/implementation/system_lmb_bram_wrapper.ngc 1369320680
OK
