D:\Users\Julio\Downloads\xupv5-lx110t_std_ip_pcores\xupv5-lx110t_std_ip_pcores\implementation\system.ngc 1369759957
D:/Users/Julio/Downloads/xupv5-lx110t_std_ip_pcores/xupv5-lx110t_std_ip_pcores/implementation/system_xps_uartlite_0_wrapper.ngc 1369759368
D:/Users/Julio/Downloads/xupv5-lx110t_std_ip_pcores/xupv5-lx110t_std_ip_pcores/implementation/system_xps_timer_0_wrapper.ngc 1369759386
D:/Users/Julio/Downloads/xupv5-lx110t_std_ip_pcores/xupv5-lx110t_std_ip_pcores/implementation/system_xps_intc_0_wrapper.ngc 1369759892
D:/Users/Julio/Downloads/xupv5-lx110t_std_ip_pcores/xupv5-lx110t_std_ip_pcores/implementation/system_xps_iic_2_wrapper.ngc 1369759432
D:/Users/Julio/Downloads/xupv5-lx110t_std_ip_pcores/xupv5-lx110t_std_ip_pcores/implementation/system_xps_iic_1_wrapper.ngc 1369759463
D:/Users/Julio/Downloads/xupv5-lx110t_std_ip_pcores/xupv5-lx110t_std_ip_pcores/implementation/system_util_vector_logic_0_wrapper.ngc 1369759469
D:/Users/Julio/Downloads/xupv5-lx110t_std_ip_pcores/xupv5-lx110t_std_ip_pcores/implementation/system_proc_sys_reset_0_wrapper.ngc 1369759475
D:/Users/Julio/Downloads/xupv5-lx110t_std_ip_pcores/xupv5-lx110t_std_ip_pcores/implementation/system_plbv46_dvi_cntlr_0_wrapper.ngc 1369759495
D:/Users/Julio/Downloads/xupv5-lx110t_std_ip_pcores/xupv5-lx110t_std_ip_pcores/implementation/system_plbv46_dcr_bridge_0_wrapper.ngc 1369759505
D:/Users/Julio/Downloads/xupv5-lx110t_std_ip_pcores/xupv5-lx110t_std_ip_pcores/implementation/system_microblaze_0_wrapper.ngc 1369759541
D:/Users/Julio/Downloads/xupv5-lx110t_std_ip_pcores/xupv5-lx110t_std_ip_pcores/implementation/system_mdm_0_wrapper.ngc 1369759550
D:/Users/Julio/Downloads/xupv5-lx110t_std_ip_pcores/xupv5-lx110t_std_ip_pcores/implementation/system_mb_plb_wrapper.ngc 1369759572
D:/Users/Julio/Downloads/xupv5-lx110t_std_ip_pcores/xupv5-lx110t_std_ip_pcores/implementation/system_lmb_bram_wrapper.ngc 1369759585
D:/Users/Julio/Downloads/xupv5-lx110t_std_ip_pcores/xupv5-lx110t_std_ip_pcores/implementation/system_ilmb_cntlr_wrapper.ngc 1369759591
D:/Users/Julio/Downloads/xupv5-lx110t_std_ip_pcores/xupv5-lx110t_std_ip_pcores/implementation/system_ilmb_wrapper.ngc 1369759896
D:/Users/Julio/Downloads/xupv5-lx110t_std_ip_pcores/xupv5-lx110t_std_ip_pcores/implementation/system_dlmb_cntlr_wrapper.ngc 1369759603
D:/Users/Julio/Downloads/xupv5-lx110t_std_ip_pcores/xupv5-lx110t_std_ip_pcores/implementation/system_dlmb_wrapper.ngc 1369759900
D:/Users/Julio/Downloads/xupv5-lx110t_std_ip_pcores/xupv5-lx110t_std_ip_pcores/implementation/system_dcr_v29_0_wrapper.ngc 1369759615
D:/Users/Julio/Downloads/xupv5-lx110t_std_ip_pcores/xupv5-lx110t_std_ip_pcores/implementation/system_clock_generator_0_wrapper.ngc 1369759903
D:/Users/Julio/Downloads/xupv5-lx110t_std_ip_pcores/xupv5-lx110t_std_ip_pcores/implementation/system_sysace_compactflash_wrapper.ngc 1369759632
D:/Users/Julio/Downloads/xupv5-lx110t_std_ip_pcores/xupv5-lx110t_std_ip_pcores/implementation/system_sram_wrapper.ngc 1369759649
D:/Users/Julio/Downloads/xupv5-lx110t_std_ip_pcores/xupv5-lx110t_std_ip_pcores/implementation/system_push_buttons_5bit_wrapper.ngc 1369759663
D:/Users/Julio/Downloads/xupv5-lx110t_std_ip_pcores/xupv5-lx110t_std_ip_pcores/implementation/system_leds_positions_wrapper.ngc 1369759677
D:/Users/Julio/Downloads/xupv5-lx110t_std_ip_pcores/xupv5-lx110t_std_ip_pcores/implementation/system_leds_8bit_wrapper.ngc 1369759691
D:/Users/Julio/Downloads/xupv5-lx110t_std_ip_pcores/xupv5-lx110t_std_ip_pcores/implementation/system_iic_eeprom_wrapper.ngc 1369759720
D:/Users/Julio/Downloads/xupv5-lx110t_std_ip_pcores/xupv5-lx110t_std_ip_pcores/implementation/system_dip_switches_8bit_wrapper.ngc 1369759735
D:/Users/Julio/Downloads/xupv5-lx110t_std_ip_pcores/xupv5-lx110t_std_ip_pcores/implementation/system_ddr2_sdram_wrapper.ngc 1369759907
OK
